// Vitest Snapshot v1, https://vitest.dev/guide/snapshot.html

exports[`built-in rules > registers every production rule exactly once 1`] = `
[
  "config/name-required",
  "config/expose-key-invalid",
  "config/expose-path-missing",
  "config/remote-entry-invalid",
  "config/filename-invalid",
  "config/remote-http-insecure",
  "config/remote-localhost-in-production",
  "config/duplicate-plugin-registration",
  "config/remote-alias-prefix-collision",
  "config/nested-producer-dts-extract",
  "config/dts-output-dir-mismatch",
  "config/remote-type-urls-missing",
  "artifact/public-path-non-string-manifest",
  "config/remote-manifest-recommended",
  "config/library-remote-type-mismatch",
  "config/share-scope-undeclared",
  "config/runtime-plugin-missing",
  "config/get-public-path-invalid",
  "config/get-public-path-unused",
  "security/get-public-path-dynamic-code",
  "config/implementation-suspicious",
  "config/external-runtime-with-exposes",
  "config/external-runtime-conflict",
  "config/remote-capability-disabled",
  "config/shared-capability-disabled",
  "reliability/snapshot-capability-disabled",
  "config/eager-tree-shaking-conflict",
  "reliability/external-runtime-provider-unverified",
  "reliability/async-startup-library-promise",
  "performance/version-first-startup",
  "performance/asset-budget",
  "reliability/version-first-offline-remotes",
  "reliability/shared-import-false",
  "config/tree-shaking-server-calc-injection",
  "reliability/tree-shaking-server-calc-contract",
  "performance/vite-bundle-all-css",
  "reliability/vite-fixed-parse-timeout",
  "vite/remotes-prefer-module",
  "vite/var-filename-interop",
  "artifact/manifest-assets-disabled",
  "artifact/manifest-disabled",
  "artifact/dts-disabled",
  "config/shared-externals-conflict",
  "shared/version-unsatisfied",
  "artifact/manifest-invalid",
  "artifact/manifest-name-mismatch",
  "artifact/manifest-remote-entry-missing",
  "artifact/manifest-expose-assets-empty",
  "artifact/manifest-shared-version-mismatch",
  "artifact/types-metadata-missing",
  "artifact/remote-entry-missing",
  "artifact/expose-missing",
  "doctor/partial-analysis",
  "config/plugin-package-mismatch",
  "shared/singleton-risk",
  "shared/eager-without-singleton",
  "shared/unused",
  "shared/candidate",
  "shared/deep-import-bypass",
  "artifact/public-path-suspicious",
  "artifact/types-missing",
  "bridge/react-version-entry-prefer",
  "bridge/react-dom-prefix-missing",
  "bridge/lazy-plugin-unregistered",
  "bridge/router-implicit-enable",
  "federation/name-conflict",
  "federation/version-conflict",
  "federation/share-scope-mismatch",
  "federation/share-strategy-mismatch",
  "federation/circular-remote-graph",
  "federation/missing-provider",
  "federation/host-gaps",
  "federation/ghost-shares",
  "shared/singleton-mismatch",
  "federation/external-runtime-provider-missing",
  "runtime/remote-load-failed",
  "runtime/init-failed",
  "runtime/shared-mismatch",
  "runtime/remote-unknown",
  "runtime/error-correlated",
]
`;
